// Jest Snapshot v1, https://goo.gl/fbAQLP

exports[`snapshot: transpiled first.mjs matches first.deno.js 1`] = `
"(async () => {
  const contents = await Deno.readTextFile('./file', {
    encoding: 'utf8'
  });
  console.log(contents);
})();"
`;

exports[`snapshot: transpiled first.mjs matches first.deno.js 2`] = `null`;

exports[`snapshot: transpiled fs-promises-no-option.mjs matches fs-promises-no-option.deno.js 1`] = `
"(async () => {
  await Deno.chmod(path, mode);
  await Deno.copyFile(path, uid, gid);
  await fs.promises.copyFile(src, dest, mode);
  await fs.promises.copyFile(src, dest);
  await fs.promises.mkdir(path);
  await fs.promises.mkdir({
    recursive: false,
    mode: 0o777
  });
  await fs.promises.mkdtemp(prefix);
  await fs.promises.mkdtemp(prefix, {
    encoding: 'utf8'
  });
  await fs.promises.open(path, flags);
})();"
`;

exports[`snapshot: transpiled fs-promises-no-option.mjs matches fs-promises-no-option.deno.js 2`] = `null`;
