// Jest Snapshot v1, https://goo.gl/fbAQLP

exports[`snapshot: transpiled first.mjs matches first.deno.js 1`] = `
"(async () => {
  const contents = await Deno.readTextFile({
    encoding: \\"utf8\\"
  });
  console.log(contents);
})();"
`;

exports[`snapshot: transpiled first.mjs matches first.deno.js 2`] = `null`;

exports[`snapshot: transpiled fs-promises-no-option.mjs matches fs-promises-no-option.deno.js 1`] = `
"(async () => {
  await Deno.chmod({});
  await Deno.chown({});
  await fs.copyFile({});
  await fs.copyFile({});
  await Deno.mkdir({});
  await Deno.mkdir({});
  await fs.promises.mkdtemp(\\"mkdirtemp\\");
  await fs.promises.mkdtemp(\\"mkdirtemp2\\", {
    encoding: 'utf8'
  });
  await fs.promises.open(path, flags);
})();"
`;

exports[`snapshot: transpiled fs-promises-no-option.mjs matches fs-promises-no-option.deno.js 2`] = `null`;
